../Core/Src/main.c:69:15:init_mat	48	static
../Core/Src/main.c:79:15:matmul	320	static
../Core/Src/main.c:109:15:matrix_add	304	static
../Core/Src/main.c:130:15:matrix_subtract	312	static
../Core/Src/main.c:150:15:matrix_transpose	56	static
../Core/Src/main.c:170:15:scalar_multiplication	56	static
../Core/Src/main.c:181:15:matmul_elementwise	312	static
../Core/Src/main.c:202:15:matmul_kroneker	72	static
../Core/Src/main.c:222:16:update_weights	96	static
../Core/Src/main.c:227:15:backprop	96	static
../Core/Src/main.c:243:15:forward_propagation	64	static
../Core/Src/main.c:254:6:print_error	272	static
../Core/Src/main.c:259:7:mean_error	104	static
../Core/Src/main.c:276:6:train	160	static
../Core/Src/main.c:305:6:randomize_weights	16	static
../Core/Src/main.c:315:6:init_architecture	72	static
../Core/Src/main.c:360:6:transmit_bends	272	static
../Core/Src/main.c:373:6:switchb	24	static
../Core/Src/main.c:379:6:read_bends	64	static
../Core/Src/main.c:449:6:mod_flags	4	static
../Core/Src/main.c:457:6:adaptive_grip	8	static
../Core/Src/main.c:471:6:grip	8	static
../Core/Src/main.c:480:6:one_grip	8	static
../Core/Src/main.c:486:6:big_grip	16	static
../Core/Src/main.c:496:6:release_grip	8	static
../Core/Src/main.c:506:6:calibration	24	static
../Core/Src/main.c:530:5:main	16	static
../Core/Src/main.c:583:6:SystemClock_Config	120	static
../Core/Src/main.c:647:13:MX_ADC1_Init	48	static
../Core/Src/main.c:761:13:MX_TIM2_Init	64	static
../Core/Src/main.c:820:13:MX_TIM3_Init	48	static
../Core/Src/main.c:869:13:MX_TIM4_Init	64	static
../Core/Src/main.c:928:13:MX_USART3_UART_Init	8	static
../Core/Src/main.c:976:13:MX_USB_OTG_HS_USB_Init	4	static
../Core/Src/main.c:997:13:MX_GPIO_Init	64	static
../Core/Src/main.c:1097:6:Error_Handler	4	static,ignoring_inline_asm
