../Core/Src/main.c:41:15:init_mat	48	static
../Core/Src/main.c:50:15:matmul	320	static
../Core/Src/main.c:80:15:matrix_add	304	static
../Core/Src/main.c:101:15:matrix_subtract	312	static
../Core/Src/main.c:121:15:matrix_transpose	56	static
../Core/Src/main.c:141:15:scalar_multiplication	56	static
../Core/Src/main.c:152:15:matmul_elementwise	312	static
../Core/Src/main.c:173:15:matmul_kroneker	72	static
../Core/Src/main.c:193:16:update_weights	96	static
../Core/Src/main.c:198:15:backprop	96	static
../Core/Src/main.c:214:15:forward_propagation	64	static
../Core/Src/main.c:225:6:print_error	272	static
../Core/Src/main.c:230:7:mean_error	104	static
../Core/Src/main.c:247:6:train	168	static
../Core/Src/main.c:276:6:randomize_weights	16	static
../Core/Src/main.c:286:6:init_architecture	72	static
../Core/Src/main.c:329:5:main	8	static
../Core/Src/main.c:345:6:SystemClock_Config	120	static
../Core/Src/main.c:405:13:MX_USART3_UART_Init	8	static
../Core/Src/main.c:453:13:MX_USB_OTG_HS_USB_Init	4	static
../Core/Src/main.c:474:13:MX_GPIO_Init	64	static
../Core/Src/main.c:561:6:Error_Handler	4	static,ignoring_inline_asm
